=== RUN   TestValidateTimeout
=== PAUSE TestValidateTimeout
=== RUN   TestValidateThreshold
=== PAUSE TestValidateThreshold
=== RUN   TestValidateFFTThreshold
=== PAUSE TestValidateFFTThreshold
=== RUN   TestValidateAlgorithm
=== PAUSE TestValidateAlgorithm
=== RUN   TestValidateEmptyAvailableAlgos
=== PAUSE TestValidateEmptyAvailableAlgos
=== RUN   TestValidateCombinedErrors
=== PAUSE TestValidateCombinedErrors
=== RUN   TestParseConfigDefaults
=== PAUSE TestParseConfigDefaults
=== RUN   TestParseConfigAllFlags
=== PAUSE TestParseConfigAllFlags
=== RUN   TestParseConfigDetailsAlias
=== PAUSE TestParseConfigDetailsAlias
=== RUN   TestParseConfigInvalidFlags
=== PAUSE TestParseConfigInvalidFlags
=== RUN   TestParseConfigAlgoCaseInsensitivity
=== PAUSE TestParseConfigAlgoCaseInsensitivity
=== RUN   TestParseConfigValidationErrors
=== PAUSE TestParseConfigValidationErrors
=== RUN   TestParseConfigLargeN
=== PAUSE TestParseConfigLargeN
=== RUN   TestParseConfigZeroN
=== PAUSE TestParseConfigZeroN
=== RUN   TestParseConfigTimeoutFormats
=== PAUSE TestParseConfigTimeoutFormats
=== RUN   TestParseConfigHelpFlag
=== PAUSE TestParseConfigHelpFlag
=== RUN   TestParseConfigBoundaryValues
=== PAUSE TestParseConfigBoundaryValues
=== RUN   TestParseConfigEnvironmentVariables
=== RUN   TestParseConfigEnvironmentVariables/all_environment_variables_set
=== RUN   TestParseConfigEnvironmentVariables/invalid_environment_values_ignored
--- PASS: TestParseConfigEnvironmentVariables (0.00s)
    --- PASS: TestParseConfigEnvironmentVariables/all_environment_variables_set (0.00s)
    --- PASS: TestParseConfigEnvironmentVariables/invalid_environment_values_ignored (0.00s)
=== RUN   TestGetEnvHelpers
=== RUN   TestGetEnvHelpers/getEnvString
=== RUN   TestGetEnvHelpers/getEnvUint64
=== RUN   TestGetEnvHelpers/getEnvInt
=== RUN   TestGetEnvHelpers/getEnvBool
=== RUN   TestGetEnvHelpers/getEnvDuration
--- PASS: TestGetEnvHelpers (0.00s)
    --- PASS: TestGetEnvHelpers/getEnvString (0.00s)
    --- PASS: TestGetEnvHelpers/getEnvUint64 (0.00s)
    --- PASS: TestGetEnvHelpers/getEnvInt (0.00s)
    --- PASS: TestGetEnvHelpers/getEnvBool (0.00s)
    --- PASS: TestGetEnvHelpers/getEnvDuration (0.00s)
=== RUN   TestParseConfig
=== RUN   TestParseConfig/DefaultValues
=== PAUSE TestParseConfig/DefaultValues
=== RUN   TestParseConfig/ValidFlags
=== PAUSE TestParseConfig/ValidFlags
=== RUN   TestParseConfig/EnvOverrides
=== RUN   TestParseConfig/FlagPrecedenceOverEnv
=== RUN   TestParseConfig/InvalidFlags
=== PAUSE TestParseConfig/InvalidFlags
=== RUN   TestParseConfig/ValidationFailure
=== PAUSE TestParseConfig/ValidationFailure
=== CONT  TestParseConfig/DefaultValues
=== CONT  TestParseConfig/ValidFlags
=== CONT  TestParseConfig/InvalidFlags
=== CONT  TestParseConfig/ValidationFailure
--- PASS: TestParseConfig (0.00s)
    --- PASS: TestParseConfig/EnvOverrides (0.00s)
    --- PASS: TestParseConfig/FlagPrecedenceOverEnv (0.00s)
    --- PASS: TestParseConfig/DefaultValues (0.00s)
    --- PASS: TestParseConfig/ValidFlags (0.00s)
    --- PASS: TestParseConfig/ValidationFailure (0.00s)
    --- PASS: TestParseConfig/InvalidFlags (0.00s)
=== RUN   TestConfigValidate
=== PAUSE TestConfigValidate
=== RUN   TestEnvHelpers
=== RUN   TestEnvHelpers/getEnvString
=== RUN   TestEnvHelpers/getEnvUint64
=== RUN   TestEnvHelpers/getEnvInt
=== RUN   TestEnvHelpers/getEnvBool
=== RUN   TestEnvHelpers/getEnvDuration
--- PASS: TestEnvHelpers (0.00s)
    --- PASS: TestEnvHelpers/getEnvString (0.00s)
    --- PASS: TestEnvHelpers/getEnvUint64 (0.00s)
    --- PASS: TestEnvHelpers/getEnvInt (0.00s)
    --- PASS: TestEnvHelpers/getEnvBool (0.00s)
    --- PASS: TestEnvHelpers/getEnvDuration (0.00s)
=== RUN   TestVerboseFlagAlias
=== PAUSE TestVerboseFlagAlias
=== RUN   TestTUIFlag
=== PAUSE TestTUIFlag
=== RUN   TestIsFlagSetAny
=== PAUSE TestIsFlagSetAny
=== RUN   TestIsFlagSet
=== PAUSE TestIsFlagSet
=== CONT  TestValidateTimeout
=== RUN   TestValidateTimeout/ZeroTimeout
=== CONT  TestParseConfigValidationErrors
=== PAUSE TestValidateTimeout/ZeroTimeout
=== CONT  TestValidateCombinedErrors
=== RUN   TestParseConfigValidationErrors/InvalidAlgo
--- PASS: TestValidateCombinedErrors (0.00s)
=== CONT  TestValidateEmptyAvailableAlgos
--- PASS: TestValidateEmptyAvailableAlgos (0.00s)
=== CONT  TestValidateAlgorithm
=== RUN   TestValidateAlgorithm/AllAlgo
=== PAUSE TestValidateAlgorithm/AllAlgo
=== RUN   TestValidateAlgorithm/FastAlgo
=== CONT  TestParseConfigAlgoCaseInsensitivity
=== CONT  TestConfigValidate
=== CONT  TestTUIFlag
=== RUN   TestValidateTimeout/NegativeTimeout
=== CONT  TestVerboseFlagAlias
=== PAUSE TestValidateTimeout/NegativeTimeout
=== RUN   TestValidateTimeout/MinPositiveTimeout
=== RUN   TestVerboseFlagAlias/short_form_-v
=== PAUSE TestValidateTimeout/MinPositiveTimeout
=== PAUSE TestVerboseFlagAlias/short_form_-v
=== RUN   TestValidateTimeout/OneSecondTimeout
=== RUN   TestVerboseFlagAlias/long_form_--verbose
=== PAUSE TestVerboseFlagAlias/long_form_--verbose
=== PAUSE TestValidateTimeout/OneSecondTimeout
=== RUN   TestVerboseFlagAlias/no_verbose_flag
=== RUN   TestValidateTimeout/OneMinuteTimeout
=== PAUSE TestVerboseFlagAlias/no_verbose_flag
=== CONT  TestVerboseFlagAlias/short_form_-v
=== PAUSE TestValidateTimeout/OneMinuteTimeout
=== RUN   TestValidateTimeout/OneHourTimeout
=== RUN   TestParseConfigAlgoCaseInsensitivity/FAST
=== PAUSE TestValidateTimeout/OneHourTimeout
=== RUN   TestParseConfigValidationErrors/NegativeThreshold
=== CONT  TestVerboseFlagAlias/no_verbose_flag
=== PAUSE TestValidateAlgorithm/FastAlgo
=== CONT  TestValidateFFTThreshold
=== RUN   TestConfigValidate/Valid
=== RUN   TestValidateTimeout/VeryLargeTimeout
=== RUN   TestValidateAlgorithm/MatrixAlgo
=== PAUSE TestValidateAlgorithm/MatrixAlgo
=== PAUSE TestValidateTimeout/VeryLargeTimeout
=== PAUSE TestConfigValidate/Valid
=== RUN   TestConfigValidate/InvalidTimeout
=== CONT  TestValidateTimeout/ZeroTimeout
=== PAUSE TestConfigValidate/InvalidTimeout
=== RUN   TestConfigValidate/InvalidThreshold
=== RUN   TestValidateAlgorithm/FFTAlgo
=== CONT  TestValidateTimeout/OneMinuteTimeout
=== PAUSE TestValidateAlgorithm/FFTAlgo
=== CONT  TestParseConfigDetailsAlias
=== RUN   TestValidateAlgorithm/UnknownAlgo
=== PAUSE TestValidateAlgorithm/UnknownAlgo
=== CONT  TestValidateTimeout/MinPositiveTimeout
--- PASS: TestParseConfigDetailsAlias (0.00s)
=== CONT  TestParseConfigAllFlags
=== RUN   TestValidateAlgorithm/EmptyAlgo
=== RUN   TestParseConfigValidationErrors/NegativeFFTThreshold
--- PASS: TestParseConfigAllFlags (0.00s)
=== PAUSE TestValidateAlgorithm/EmptyAlgo
=== RUN   TestValidateAlgorithm/CaseSensitive
=== PAUSE TestValidateAlgorithm/CaseSensitive
=== RUN   TestValidateAlgorithm/PartialMatch
=== PAUSE TestValidateAlgorithm/PartialMatch
=== RUN   TestValidateAlgorithm/ExtraChars
=== PAUSE TestValidateAlgorithm/ExtraChars
--- PASS: TestParseConfigValidationErrors (0.00s)
    --- PASS: TestParseConfigValidationErrors/InvalidAlgo (0.00s)
    --- PASS: TestParseConfigValidationErrors/NegativeThreshold (0.00s)
    --- PASS: TestParseConfigValidationErrors/NegativeFFTThreshold (0.00s)
=== CONT  TestParseConfigTimeoutFormats
=== CONT  TestParseConfigLargeN
=== CONT  TestVerboseFlagAlias/long_form_--verbose
=== RUN   TestValidateFFTThreshold/NegativeFFTThreshold
=== CONT  TestValidateThreshold
=== RUN   TestTUIFlag/--tui_flag
=== PAUSE TestTUIFlag/--tui_flag
=== RUN   TestValidateThreshold/NegativeThreshold
=== RUN   TestTUIFlag/default_TUI_is_false
=== PAUSE TestValidateThreshold/NegativeThreshold
=== PAUSE TestConfigValidate/InvalidThreshold
=== PAUSE TestValidateFFTThreshold/NegativeFFTThreshold
=== RUN   TestConfigValidate/InvalidFFTThreshold
=== CONT  TestParseConfigDefaults
=== CONT  TestIsFlagSetAny
=== RUN   TestIsFlagSetAny/no_flags_set
=== PAUSE TestConfigValidate/InvalidFFTThreshold
=== PAUSE TestIsFlagSetAny/no_flags_set
=== RUN   TestValidateFFTThreshold/LargeNegativeFFTThreshold
=== RUN   TestIsFlagSetAny/first_alias_set
=== RUN   TestConfigValidate/InvalidAlgo
=== PAUSE TestIsFlagSetAny/first_alias_set
=== RUN   TestIsFlagSetAny/second_alias_set
=== PAUSE TestValidateFFTThreshold/LargeNegativeFFTThreshold
=== CONT  TestValidateTimeout/VeryLargeTimeout
=== CONT  TestValidateTimeout/OneHourTimeout
=== RUN   TestValidateFFTThreshold/ZeroFFTThreshold
=== CONT  TestParseConfigInvalidFlags
=== RUN   TestParseConfigInvalidFlags/UnknownFlag
=== PAUSE TestValidateFFTThreshold/ZeroFFTThreshold
=== RUN   TestValidateFFTThreshold/SmallFFTThreshold
=== PAUSE TestValidateFFTThreshold/SmallFFTThreshold
=== RUN   TestValidateFFTThreshold/DefaultFFTThreshold
=== CONT  TestValidateTimeout/NegativeTimeout
=== CONT  TestIsFlagSet
=== RUN   TestIsFlagSet/flag_is_set
=== CONT  TestParseConfigBoundaryValues
=== PAUSE TestIsFlagSet/flag_is_set
=== RUN   TestIsFlagSet/flag_is_not_set
=== RUN   TestParseConfigBoundaryValues/ThresholdZero
=== PAUSE TestIsFlagSet/flag_is_not_set
=== CONT  TestIsFlagSet/flag_is_set
=== RUN   TestParseConfigAlgoCaseInsensitivity/Fast
=== RUN   TestValidateAlgorithm/InvalidChars
=== PAUSE TestValidateAlgorithm/InvalidChars
=== RUN   TestValidateAlgorithm/Numeric
=== RUN   TestParseConfigTimeoutFormats/1s
=== CONT  TestParseConfigZeroN
--- PASS: TestVerboseFlagAlias (0.00s)
    --- PASS: TestVerboseFlagAlias/short_form_-v (0.00s)
    --- PASS: TestVerboseFlagAlias/no_verbose_flag (0.00s)
    --- PASS: TestVerboseFlagAlias/long_form_--verbose (0.00s)
--- PASS: TestParseConfigDefaults (0.00s)
=== RUN   TestValidateThreshold/LargeNegativeThreshold
=== RUN   TestParseConfigInvalidFlags/InvalidNValue
=== PAUSE TestTUIFlag/default_TUI_is_false
=== RUN   TestParseConfigAlgoCaseInsensitivity/fAsT
=== CONT  TestValidateTimeout/OneSecondTimeout
=== RUN   TestTUIFlag/FIBCALC_TUI_env_override
=== PAUSE TestConfigValidate/InvalidAlgo
=== RUN   TestConfigValidate/AlgoAll
=== PAUSE TestConfigValidate/AlgoAll
=== CONT  TestConfigValidate/Valid
=== PAUSE TestIsFlagSetAny/second_alias_set
=== RUN   TestIsFlagSetAny/both_set
=== PAUSE TestIsFlagSetAny/both_set
=== RUN   TestIsFlagSetAny/different_flag_set
=== PAUSE TestIsFlagSetAny/different_flag_set
=== RUN   TestIsFlagSetAny/single_flag_check_-_set
=== PAUSE TestIsFlagSetAny/single_flag_check_-_set
=== RUN   TestIsFlagSetAny/single_flag_check_-_not_set
=== PAUSE TestIsFlagSetAny/single_flag_check_-_not_set
=== CONT  TestIsFlagSetAny/no_flags_set
=== CONT  TestConfigValidate/InvalidThreshold
=== CONT  TestConfigValidate/AlgoAll
=== CONT  TestConfigValidate/InvalidTimeout
=== NAME  TestParseConfigLargeN
    config_exhaustive_test.go:454: Unexpected error: invalid configuration
=== CONT  TestConfigValidate/InvalidFFTThreshold
=== PAUSE TestValidateThreshold/LargeNegativeThreshold
=== CONT  TestIsFlagSetAny/different_flag_set
=== RUN   TestValidateThreshold/ZeroThreshold
=== PAUSE TestValidateFFTThreshold/DefaultFFTThreshold
=== PAUSE TestValidateThreshold/ZeroThreshold
=== CONT  TestIsFlagSet/flag_is_not_set
=== PAUSE TestParseConfigBoundaryValues/ThresholdZero
=== PAUSE TestValidateAlgorithm/Numeric
=== RUN   TestParseConfigBoundaryValues/FFTThresholdZero
=== CONT  TestValidateAlgorithm/FFTAlgo
=== CONT  TestValidateAlgorithm/MatrixAlgo
=== CONT  TestValidateAlgorithm/FastAlgo
=== PAUSE TestParseConfigBoundaryValues/FFTThresholdZero
=== CONT  TestValidateAlgorithm/AllAlgo
=== CONT  TestIsFlagSetAny/single_flag_check_-_set
=== RUN   TestParseConfigBoundaryValues/StrassenThresholdZero
=== CONT  TestIsFlagSetAny/first_alias_set
=== CONT  TestConfigValidate/InvalidAlgo
=== CONT  TestIsFlagSetAny/single_flag_check_-_not_set
=== PAUSE TestParseConfigBoundaryValues/StrassenThresholdZero
=== RUN   TestParseConfigBoundaryValues/NZero
=== PAUSE TestParseConfigBoundaryValues/NZero
=== RUN   TestParseConfigBoundaryValues/TimeoutMinimum
=== PAUSE TestParseConfigBoundaryValues/TimeoutMinimum
=== CONT  TestParseConfigBoundaryValues/ThresholdZero
=== CONT  TestParseConfigBoundaryValues/NZero
=== CONT  TestParseConfigBoundaryValues/StrassenThresholdZero
=== CONT  TestIsFlagSetAny/second_alias_set
=== RUN   TestValidateFFTThreshold/LargeFFTThreshold
=== CONT  TestParseConfigHelpFlag
=== RUN   TestParseConfigHelpFlag/-h
=== RUN   TestValidateThreshold/SmallThreshold
=== PAUSE TestParseConfigHelpFlag/-h
--- PASS: TestValidateTimeout (0.00s)
    --- PASS: TestValidateTimeout/ZeroTimeout (0.00s)
    --- PASS: TestValidateTimeout/OneMinuteTimeout (0.00s)
    --- PASS: TestValidateTimeout/MinPositiveTimeout (0.00s)
    --- PASS: TestValidateTimeout/VeryLargeTimeout (0.00s)
    --- PASS: TestValidateTimeout/OneHourTimeout (0.00s)
    --- PASS: TestValidateTimeout/NegativeTimeout (0.00s)
    --- PASS: TestValidateTimeout/OneSecondTimeout (0.00s)
--- PASS: TestParseConfigZeroN (0.00s)
=== CONT  TestValidateAlgorithm/Numeric
=== RUN   TestParseConfigAlgoCaseInsensitivity/MATRIX
=== CONT  TestValidateAlgorithm/InvalidChars
--- FAIL: TestParseConfigLargeN (0.00s)
=== CONT  TestValidateAlgorithm/ExtraChars
=== CONT  TestValidateAlgorithm/PartialMatch
=== RUN   TestParseConfigInvalidFlags/InvalidTimeout
=== CONT  TestValidateAlgorithm/CaseSensitive
=== CONT  TestValidateAlgorithm/EmptyAlgo
=== CONT  TestValidateAlgorithm/UnknownAlgo
=== CONT  TestIsFlagSetAny/both_set
=== CONT  TestParseConfigBoundaryValues/FFTThresholdZero
=== CONT  TestParseConfigBoundaryValues/TimeoutMinimum
=== RUN   TestParseConfigHelpFlag/-help
=== PAUSE TestValidateThreshold/SmallThreshold
=== PAUSE TestValidateFFTThreshold/LargeFFTThreshold
=== RUN   TestValidateThreshold/DefaultThreshold
=== CONT  TestTUIFlag/--tui_flag
=== CONT  TestTUIFlag/default_TUI_is_false
=== RUN   TestParseConfigTimeoutFormats/30s
--- PASS: TestIsFlagSet (0.00s)
    --- PASS: TestIsFlagSet/flag_is_set (0.00s)
    --- PASS: TestIsFlagSet/flag_is_not_set (0.00s)
=== PAUSE TestParseConfigHelpFlag/-help
=== RUN   TestParseConfigHelpFlag/--help
=== PAUSE TestParseConfigHelpFlag/--help
=== CONT  TestValidateFFTThreshold/NegativeFFTThreshold
=== CONT  TestParseConfigHelpFlag/--help
=== CONT  TestParseConfigHelpFlag/-help
--- PASS: TestConfigValidate (0.00s)
    --- PASS: TestConfigValidate/Valid (0.00s)
    --- PASS: TestConfigValidate/InvalidThreshold (0.00s)
    --- PASS: TestConfigValidate/AlgoAll (0.00s)
    --- PASS: TestConfigValidate/InvalidTimeout (0.00s)
    --- PASS: TestConfigValidate/InvalidFFTThreshold (0.00s)
    --- PASS: TestConfigValidate/InvalidAlgo (0.00s)
=== PAUSE TestValidateThreshold/DefaultThreshold
=== RUN   TestValidateThreshold/LargeThreshold
=== PAUSE TestValidateThreshold/LargeThreshold
=== RUN   TestValidateThreshold/VeryLargeThreshold
=== PAUSE TestValidateThreshold/VeryLargeThreshold
=== CONT  TestValidateThreshold/NegativeThreshold
=== CONT  TestValidateFFTThreshold/DefaultFFTThreshold
=== RUN   TestParseConfigTimeoutFormats/1m
=== CONT  TestValidateThreshold/LargeThreshold
=== CONT  TestValidateThreshold/SmallThreshold
=== CONT  TestValidateThreshold/DefaultThreshold
=== CONT  TestValidateThreshold/LargeNegativeThreshold
--- PASS: TestIsFlagSetAny (0.00s)
    --- PASS: TestIsFlagSetAny/no_flags_set (0.00s)
    --- PASS: TestIsFlagSetAny/different_flag_set (0.00s)
    --- PASS: TestIsFlagSetAny/single_flag_check_-_set (0.00s)
    --- PASS: TestIsFlagSetAny/first_alias_set (0.00s)
    --- PASS: TestIsFlagSetAny/single_flag_check_-_not_set (0.00s)
    --- PASS: TestIsFlagSetAny/second_alias_set (0.00s)
    --- PASS: TestIsFlagSetAny/both_set (0.00s)
=== RUN   TestParseConfigAlgoCaseInsensitivity/Matrix
--- PASS: TestValidateAlgorithm (0.00s)
    --- PASS: TestValidateAlgorithm/FFTAlgo (0.00s)
    --- PASS: TestValidateAlgorithm/MatrixAlgo (0.00s)
    --- PASS: TestValidateAlgorithm/FastAlgo (0.00s)
    --- PASS: TestValidateAlgorithm/AllAlgo (0.00s)
    --- PASS: TestValidateAlgorithm/Numeric (0.00s)
    --- PASS: TestValidateAlgorithm/InvalidChars (0.00s)
    --- PASS: TestValidateAlgorithm/ExtraChars (0.00s)
    --- PASS: TestValidateAlgorithm/PartialMatch (0.00s)
    --- PASS: TestValidateAlgorithm/EmptyAlgo (0.00s)
    --- PASS: TestValidateAlgorithm/CaseSensitive (0.00s)
    --- PASS: TestValidateAlgorithm/UnknownAlgo (0.00s)
--- PASS: TestParseConfigBoundaryValues (0.00s)
    --- PASS: TestParseConfigBoundaryValues/ThresholdZero (0.00s)
    --- PASS: TestParseConfigBoundaryValues/StrassenThresholdZero (0.00s)
    --- PASS: TestParseConfigBoundaryValues/NZero (0.00s)
    --- PASS: TestParseConfigBoundaryValues/FFTThresholdZero (0.00s)
    --- PASS: TestParseConfigBoundaryValues/TimeoutMinimum (0.00s)
=== RUN   TestParseConfigInvalidFlags/InvalidThreshold
=== CONT  TestValidateFFTThreshold/LargeNegativeFFTThreshold
=== CONT  TestParseConfigHelpFlag/-h
=== CONT  TestValidateFFTThreshold/LargeFFTThreshold
=== CONT  TestValidateThreshold/VeryLargeThreshold
=== CONT  TestValidateFFTThreshold/SmallFFTThreshold
=== CONT  TestValidateThreshold/ZeroThreshold
=== CONT  TestValidateFFTThreshold/ZeroFFTThreshold
--- PASS: TestTUIFlag (0.00s)
    --- PASS: TestTUIFlag/FIBCALC_TUI_env_override (0.00s)
    --- PASS: TestTUIFlag/default_TUI_is_false (0.00s)
    --- PASS: TestTUIFlag/--tui_flag (0.00s)
=== RUN   TestParseConfigTimeoutFormats/5m
=== RUN   TestParseConfigAlgoCaseInsensitivity/ALL
--- PASS: TestParseConfigHelpFlag (0.00s)
    --- PASS: TestParseConfigHelpFlag/-help (0.00s)
    --- PASS: TestParseConfigHelpFlag/--help (0.00s)
    --- PASS: TestParseConfigHelpFlag/-h (0.00s)
--- PASS: TestValidateThreshold (0.00s)
    --- PASS: TestValidateThreshold/NegativeThreshold (0.00s)
    --- PASS: TestValidateThreshold/LargeThreshold (0.00s)
    --- PASS: TestValidateThreshold/SmallThreshold (0.00s)
    --- PASS: TestValidateThreshold/DefaultThreshold (0.00s)
    --- PASS: TestValidateThreshold/LargeNegativeThreshold (0.00s)
    --- PASS: TestValidateThreshold/VeryLargeThreshold (0.00s)
    --- PASS: TestValidateThreshold/ZeroThreshold (0.00s)
--- PASS: TestValidateFFTThreshold (0.00s)
    --- PASS: TestValidateFFTThreshold/NegativeFFTThreshold (0.00s)
    --- PASS: TestValidateFFTThreshold/DefaultFFTThreshold (0.00s)
    --- PASS: TestValidateFFTThreshold/LargeNegativeFFTThreshold (0.00s)
    --- PASS: TestValidateFFTThreshold/LargeFFTThreshold (0.00s)
    --- PASS: TestValidateFFTThreshold/SmallFFTThreshold (0.00s)
    --- PASS: TestValidateFFTThreshold/ZeroFFTThreshold (0.00s)
=== RUN   TestParseConfigAlgoCaseInsensitivity/All
=== RUN   TestParseConfigTimeoutFormats/1h
=== RUN   TestParseConfigInvalidFlags/MissingFlagValue
--- PASS: TestParseConfigAlgoCaseInsensitivity (0.00s)
    --- PASS: TestParseConfigAlgoCaseInsensitivity/FAST (0.00s)
    --- PASS: TestParseConfigAlgoCaseInsensitivity/Fast (0.00s)
    --- PASS: TestParseConfigAlgoCaseInsensitivity/fAsT (0.00s)
    --- PASS: TestParseConfigAlgoCaseInsensitivity/MATRIX (0.00s)
    --- PASS: TestParseConfigAlgoCaseInsensitivity/Matrix (0.00s)
    --- PASS: TestParseConfigAlgoCaseInsensitivity/ALL (0.00s)
    --- PASS: TestParseConfigAlgoCaseInsensitivity/All (0.00s)
=== RUN   TestParseConfigTimeoutFormats/1m30s
--- PASS: TestParseConfigInvalidFlags (0.00s)
    --- PASS: TestParseConfigInvalidFlags/UnknownFlag (0.00s)
    --- PASS: TestParseConfigInvalidFlags/InvalidNValue (0.00s)
    --- PASS: TestParseConfigInvalidFlags/InvalidTimeout (0.00s)
    --- PASS: TestParseConfigInvalidFlags/InvalidThreshold (0.00s)
    --- PASS: TestParseConfigInvalidFlags/MissingFlagValue (0.00s)
=== RUN   TestParseConfigTimeoutFormats/1h30m
=== RUN   TestParseConfigTimeoutFormats/500ms
--- PASS: TestParseConfigTimeoutFormats (0.00s)
    --- PASS: TestParseConfigTimeoutFormats/1s (0.00s)
    --- PASS: TestParseConfigTimeoutFormats/30s (0.00s)
    --- PASS: TestParseConfigTimeoutFormats/1m (0.00s)
    --- PASS: TestParseConfigTimeoutFormats/5m (0.00s)
    --- PASS: TestParseConfigTimeoutFormats/1h (0.00s)
    --- PASS: TestParseConfigTimeoutFormats/1m30s (0.00s)
    --- PASS: TestParseConfigTimeoutFormats/1h30m (0.00s)
    --- PASS: TestParseConfigTimeoutFormats/500ms (0.00s)
FAIL
FAIL	github.com/agbru/fibcalc/internal/config	0.250s
FAIL
